2025-04-19 18:40:00 | WARN | repo=a4m36jee-2014-cdi-seminar | action=commit
2025-02-16 10:39:00 | WARN | repo=a4m36jee-2014-cdi-seminar | action=commit
2025-04-24 12:16:00 | INFO | repo=a4m36jee-2014-cdi-seminar | action=commit
2025-05-20 09:47:00 | WARN | repo=a4m36jee-2014-cdi-seminar | action=commit
2025-11-06 10:06:00 | DEBUG | repo=a4m36jee-2014-cdi-seminar | action=commit
2025-05-27 20:21:00 | INFO | repo=a4m36jee-2014-cdi-seminar | action=commit
2025-05-17 20:03:00 | DEBUG | repo=a4m36jee-2014-cdi-seminar | action=commit
2025-07-14 20:45:00 | WARN | repo=a4m36jee-2014-cdi-seminar | action=commit
2025-03-16 17:23:00 | INFO | repo=a4m36jee-2014-cdi-seminar | action=commit
2025-05-28 20:43:00 | DEBUG | repo=a4m36jee-2014-cdi-seminar | action=commit
2025-02-08 12:29:00 | WARN | repo=a4m36jee-2014-cdi-seminar | action=commit
2025-07-28 17:52:00 | WARN | repo=a4m36jee-2014-cdi-seminar | action=commit
2025-01-21 08:35:00 | DEBUG | repo=a4m36jee-2014-cdi-seminar | action=test | passed=true
2025-12-08 12:35:00 | WARN | repo=a4m36jee-2014-cdi-seminar | action=test | passed=true
2025-02-06 20:00:00 | WARN | repo=a4m36jee-2014-cdi-seminar | action=commit
2025-02-26 16:33:00 | DEBUG | repo=a4m36jee-2014-cdi-seminar | action=commit
2025-02-24 07:50:00 | DEBUG | repo=a4m36jee-2014-cdi-seminar | action=commit
2025-05-25 18:02:00 | WARN | repo=a4m36jee-2014-cdi-seminar | action=commit
2025-09-02 19:18:00 | WARN | repo=a4m36jee-2014-cdi-seminar | action=edit | files=2
2025-08-01 07:25:00 | WARN | repo=a4m36jee-2014-cdi-seminar | action=edit | files=3
2025-09-11 17:13:00 | INFO | repo=a4m36jee-2014-cdi-seminar | action=commit
2025-08-18 12:43:00 | DEBUG | repo=a4m36jee-2014-cdi-seminar | action=edit | files=1
2025-08-10 09:50:00 | DEBUG | repo=a4m36jee-2014-cdi-seminar | action=commit
2025-08-02 17:24:00 | WARN | repo=a4m36jee-2014-cdi-seminar | action=commit
2025-12-20 13:00:00 | WARN | repo=a4m36jee-2014-cdi-seminar | action=commit
2025-12-07 18:57:00 | WARN | repo=a4m36jee-2014-cdi-seminar | action=commit
2025-04-08 08:12:00 | INFO | repo=a4m36jee-2014-cdi-seminar | action=commit
2025-03-25 12:52:00 | DEBUG | repo=a4m36jee-2014-cdi-seminar | action=commit
2025-09-19 07:12:00 | DEBUG | repo=a4m36jee-2014-cdi-seminar | action=commit
2025-04-07 14:15:00 | DEBUG | repo=a4m36jee-2014-cdi-seminar | action=edit | files=4
2025-05-07 14:13:00 | WARN | repo=a4m36jee-2014-cdi-seminar | action=edit | files=5
2025-10-21 08:02:00 | DEBUG | repo=a4m36jee-2014-cdi-seminar | action=edit | files=5
2025-08-18 11:34:00 | WARN | repo=a4m36jee-2014-cdi-seminar | action=commit
2025-02-05 19:40:00 | INFO | repo=a4m36jee-2014-cdi-seminar | action=commit
2025-04-18 18:51:00 | INFO | repo=a4m36jee-2014-cdi-seminar | action=test | passed=true
2025-01-03 14:21:00 | DEBUG | repo=a4m36jee-2014-cdi-seminar | action=commit
2025-03-25 19:26:00 | WARN | repo=a4m36jee-2014-cdi-seminar | action=commit
2025-05-22 17:11:00 | WARN | repo=a4m36jee-2014-cdi-seminar | action=commit
2025-02-08 12:02:00 | DEBUG | repo=a4m36jee-2014-cdi-seminar | action=commit
2025-01-09 20:06:00 | WARN | repo=a4m36jee-2014-cdi-seminar | action=commit
2025-10-24 20:37:00 | INFO | repo=a4m36jee-2014-cdi-seminar | action=commit
